// Jest Snapshot v1, https://goo.gl/fbAQLP

exports[`button is button 1`] = `
<div>
  button
</div>
`;
